
==========================================================================
global route report_tns
--------------------------------------------------------------------------
tns max 0.00

==========================================================================
global route report_wns
--------------------------------------------------------------------------
wns max 0.00

==========================================================================
global route report_worst_slack
--------------------------------------------------------------------------
worst slack max 1.41

==========================================================================
global route report_clock_skew
--------------------------------------------------------------------------
Clock adc_clk
   0.54 source latency cnb.shift_register_r[11]$_DFFE_PN0N_/CLK ^
  -0.48 target latency cnb.data_register_r[3]$_DFFE_PN0P_/CLK ^
  -0.02 CRPR
--------------
   0.04 setup skew


==========================================================================
global route report_checks -path_delay min
--------------------------------------------------------------------------
Startpoint: cnb.average_counter_r[0]$_DFF_PN1_
            (rising edge-triggered flip-flop clocked by adc_clk)
Endpoint: cnb.average_counter_r[0]$_DFF_PN1_
          (rising edge-triggered flip-flop clocked by adc_clk)
Path Group: adc_clk
Path Type: min

Fanout     Cap    Slew   Delay    Time   Description
-----------------------------------------------------------------------------
                          0.00    0.00   clock adc_clk (rise edge)
                          0.00    0.00   clock source latency
     1    0.03    0.00    0.00    0.00 ^ a_clk_dig_in (in)
                                         a_clk_dig_in (net)
                  0.00    0.00    0.00 ^ clkbuf_0_a_clk_dig_in/I (gf180mcu_fd_sc_mcu7t5v0__clkbuf_8)
     4    0.07    0.16    0.21    0.21 ^ clkbuf_0_a_clk_dig_in/Z (gf180mcu_fd_sc_mcu7t5v0__clkbuf_8)
                                         clknet_0_a_clk_dig_in (net)
                  0.16    0.00    0.21 ^ clkbuf_2_0__f_a_clk_dig_in/I (gf180mcu_fd_sc_mcu7t5v0__clkbuf_8)
    16    0.09    0.20    0.27    0.48 ^ clkbuf_2_0__f_a_clk_dig_in/Z (gf180mcu_fd_sc_mcu7t5v0__clkbuf_8)
                                         clknet_2_0__leaf_a_clk_dig_in (net)
                  0.20    0.00    0.48 ^ cnb.average_counter_r[0]$_DFF_PN1_/CLK (gf180mcu_fd_sc_mcu7t5v0__dffsnq_4)
     4    0.04    0.19    0.69    1.17 ^ cnb.average_counter_r[0]$_DFF_PN1_/Q (gf180mcu_fd_sc_mcu7t5v0__dffsnq_4)
                                         cnb.average_counter_r[0] (net)
                  0.19    0.00    1.17 ^ _1291_/A1 (gf180mcu_fd_sc_mcu7t5v0__nand2_2)
     1    0.01    0.11    0.09    1.26 v _1291_/ZN (gf180mcu_fd_sc_mcu7t5v0__nand2_2)
                                         cnb.next_average_counter_w[0] (net)
                  0.11    0.00    1.26 v cnb.average_counter_r[0]$_DFF_PN1_/D (gf180mcu_fd_sc_mcu7t5v0__dffsnq_4)
                                  1.26   data arrival time

                          0.00    0.00   clock adc_clk (rise edge)
                          0.00    0.00   clock source latency
     1    0.03    0.00    0.00    0.00 ^ a_clk_dig_in (in)
                                         a_clk_dig_in (net)
                  0.00    0.00    0.00 ^ clkbuf_0_a_clk_dig_in/I (gf180mcu_fd_sc_mcu7t5v0__clkbuf_8)
     4    0.07    0.16    0.23    0.23 ^ clkbuf_0_a_clk_dig_in/Z (gf180mcu_fd_sc_mcu7t5v0__clkbuf_8)
                                         clknet_0_a_clk_dig_in (net)
                  0.16    0.00    0.23 ^ clkbuf_2_0__f_a_clk_dig_in/I (gf180mcu_fd_sc_mcu7t5v0__clkbuf_8)
    16    0.09    0.20    0.30    0.53 ^ clkbuf_2_0__f_a_clk_dig_in/Z (gf180mcu_fd_sc_mcu7t5v0__clkbuf_8)
                                         clknet_2_0__leaf_a_clk_dig_in (net)
                  0.20    0.00    0.54 ^ cnb.average_counter_r[0]$_DFF_PN1_/CLK (gf180mcu_fd_sc_mcu7t5v0__dffsnq_4)
                         -0.05    0.48   clock reconvergence pessimism
                          0.04    0.52   library hold time
                                  0.52   data required time
-----------------------------------------------------------------------------
                                  0.52   data required time
                                 -1.26   data arrival time
-----------------------------------------------------------------------------
                                  0.74   slack (MET)



==========================================================================
global route report_checks -path_delay max
--------------------------------------------------------------------------
Startpoint: cnb.sampled_avg_control_r[0]$_DFFE_PN0P_
            (rising edge-triggered flip-flop clocked by adc_clk)
Endpoint: cnb.data_register_r[9]$_DFFE_PN1P_
          (rising edge-triggered flip-flop clocked by adc_clk)
Path Group: adc_clk
Path Type: max

Fanout     Cap    Slew   Delay    Time   Description
-----------------------------------------------------------------------------
                          0.00    0.00   clock adc_clk (rise edge)
                          0.00    0.00   clock source latency
     1    0.03    0.00    0.00    0.00 ^ a_clk_dig_in (in)
                                         a_clk_dig_in (net)
                  0.00    0.00    0.00 ^ clkbuf_0_a_clk_dig_in/I (gf180mcu_fd_sc_mcu7t5v0__clkbuf_8)
     4    0.07    0.16    0.23    0.23 ^ clkbuf_0_a_clk_dig_in/Z (gf180mcu_fd_sc_mcu7t5v0__clkbuf_8)
                                         clknet_0_a_clk_dig_in (net)
                  0.16    0.00    0.23 ^ clkbuf_2_0__f_a_clk_dig_in/I (gf180mcu_fd_sc_mcu7t5v0__clkbuf_8)
    16    0.09    0.20    0.30    0.53 ^ clkbuf_2_0__f_a_clk_dig_in/Z (gf180mcu_fd_sc_mcu7t5v0__clkbuf_8)
                                         clknet_2_0__leaf_a_clk_dig_in (net)
                  0.20    0.00    0.53 ^ cnb.sampled_avg_control_r[0]$_DFFE_PN0P_/CLK (gf180mcu_fd_sc_mcu7t5v0__dffrnq_2)
     6    0.06    0.44    1.02    1.56 ^ cnb.sampled_avg_control_r[0]$_DFFE_PN0P_/Q (gf180mcu_fd_sc_mcu7t5v0__dffrnq_2)
                                         cnb.sampled_avg_control_r[0] (net)
                  0.44    0.00    1.56 ^ _0628_/A2 (gf180mcu_fd_sc_mcu7t5v0__nor2_2)
     3    0.03    0.27    0.24    1.80 v _0628_/ZN (gf180mcu_fd_sc_mcu7t5v0__nor2_2)
                                         _0168_ (net)
                  0.27    0.00    1.80 v _0629_/A2 (gf180mcu_fd_sc_mcu7t5v0__xnor2_2)
     2    0.03    0.18    0.44    2.24 v _0629_/ZN (gf180mcu_fd_sc_mcu7t5v0__xnor2_2)
                                         _0020_ (net)
                  0.18    0.00    2.24 v _1345_/A (gf180mcu_fd_sc_mcu7t5v0__addh_2)
     1    0.01    0.14    0.50    2.74 ^ _1345_/S (gf180mcu_fd_sc_mcu7t5v0__addh_2)
                                         _0022_ (net)
                  0.14    0.00    2.74 ^ _0678_/A2 (gf180mcu_fd_sc_mcu7t5v0__aoi21_2)
     1    0.01    0.16    0.12    2.86 v _0678_/ZN (gf180mcu_fd_sc_mcu7t5v0__aoi21_2)
                                         _0214_ (net)
                  0.16    0.00    2.86 v _0680_/A2 (gf180mcu_fd_sc_mcu7t5v0__oai21_2)
     2    0.03    0.53    0.40    3.26 ^ _0680_/ZN (gf180mcu_fd_sc_mcu7t5v0__oai21_2)
                                         _0216_ (net)
                  0.53    0.00    3.26 ^ _0683_/A1 (gf180mcu_fd_sc_mcu7t5v0__aoi211_4)
     3    0.04    0.30    0.21    3.47 v _0683_/ZN (gf180mcu_fd_sc_mcu7t5v0__aoi211_4)
                                         _0219_ (net)
                  0.30    0.00    3.47 v _0691_/A1 (gf180mcu_fd_sc_mcu7t5v0__or3_4)
     1    0.02    0.14    0.42    3.89 v _0691_/Z (gf180mcu_fd_sc_mcu7t5v0__or3_4)
                                         _0227_ (net)
                  0.14    0.00    3.89 v _0693_/B1 (gf180mcu_fd_sc_mcu7t5v0__aoi22_4)
    18    0.16    1.38    0.92    4.80 ^ _0693_/ZN (gf180mcu_fd_sc_mcu7t5v0__aoi22_4)
                                         _0229_ (net)
                  1.38    0.00    4.80 ^ _0714_/B (gf180mcu_fd_sc_mcu7t5v0__aoi21_2)
     2    0.02    0.49    0.30    5.11 v _0714_/ZN (gf180mcu_fd_sc_mcu7t5v0__aoi21_2)
                                         _0058_ (net)
                  0.49    0.00    5.11 v _0842_/I1 (gf180mcu_fd_sc_mcu7t5v0__mux2_2)
     2    0.02    0.16    0.46    5.57 v _0842_/Z (gf180mcu_fd_sc_mcu7t5v0__mux2_2)
                                         _0051_ (net)
                  0.16    0.00    5.57 v _1357_/B (gf180mcu_fd_sc_mcu7t5v0__addh_2)
     3    0.03    0.21    0.43    6.00 v _1357_/S (gf180mcu_fd_sc_mcu7t5v0__addh_2)
                                         _0053_ (net)
                  0.21    0.00    6.00 v _0899_/A1 (gf180mcu_fd_sc_mcu7t5v0__and2_2)
     2    0.02    0.13    0.29    6.29 v _0899_/Z (gf180mcu_fd_sc_mcu7t5v0__and2_2)
                                         _0392_ (net)
                  0.13    0.00    6.29 v _0903_/C (gf180mcu_fd_sc_mcu7t5v0__aoi211_2)
     1    0.01    0.51    0.42    6.71 ^ _0903_/ZN (gf180mcu_fd_sc_mcu7t5v0__aoi211_2)
                                         _0396_ (net)
                  0.51    0.00    6.71 ^ _0904_/B (gf180mcu_fd_sc_mcu7t5v0__aoi21_2)
     2    0.02    0.29    0.24    6.95 v _0904_/ZN (gf180mcu_fd_sc_mcu7t5v0__aoi21_2)
                                         _0397_ (net)
                  0.29    0.00    6.95 v _0916_/A3 (gf180mcu_fd_sc_mcu7t5v0__and3_2)
     1    0.01    0.11    0.34    7.30 v _0916_/Z (gf180mcu_fd_sc_mcu7t5v0__and3_2)
                                         _0407_ (net)
                  0.11    0.00    7.30 v _0917_/C (gf180mcu_fd_sc_mcu7t5v0__aoi211_2)
     4    0.04    0.96    0.70    8.00 ^ _0917_/ZN (gf180mcu_fd_sc_mcu7t5v0__aoi211_2)
                                         _0408_ (net)
                  0.96    0.00    8.00 ^ _0920_/A4 (gf180mcu_fd_sc_mcu7t5v0__or4_2)
     1    0.01    0.11    0.42    8.41 ^ _0920_/Z (gf180mcu_fd_sc_mcu7t5v0__or4_2)
                                         _0411_ (net)
                  0.11    0.00    8.41 ^ _0930_/I1 (gf180mcu_fd_sc_mcu7t5v0__mux2_2)
     1    0.01    0.11    0.25    8.67 ^ _0930_/Z (gf180mcu_fd_sc_mcu7t5v0__mux2_2)
                                         _0421_ (net)
                  0.11    0.00    8.67 ^ _0936_/A1 (gf180mcu_fd_sc_mcu7t5v0__and3_2)
     1    0.00    0.09    0.25    8.91 ^ _0936_/Z (gf180mcu_fd_sc_mcu7t5v0__and3_2)
                                         _0094_ (net)
                  0.09    0.00    8.91 ^ cnb.data_register_r[9]$_DFFE_PN1P_/D (gf180mcu_fd_sc_mcu7t5v0__dffsnq_4)
                                  8.91   data arrival time

                         10.00   10.00   clock adc_clk (rise edge)
                          0.00   10.00   clock source latency
     1    0.03    0.00    0.00   10.00 ^ a_clk_dig_in (in)
                                         a_clk_dig_in (net)
                  0.00    0.00   10.00 ^ clkbuf_0_a_clk_dig_in/I (gf180mcu_fd_sc_mcu7t5v0__clkbuf_8)
     4    0.07    0.16    0.21   10.21 ^ clkbuf_0_a_clk_dig_in/Z (gf180mcu_fd_sc_mcu7t5v0__clkbuf_8)
                                         clknet_0_a_clk_dig_in (net)
                  0.16    0.00   10.21 ^ clkbuf_2_2__f_a_clk_dig_in/I (gf180mcu_fd_sc_mcu7t5v0__clkbuf_8)
    13    0.10    0.21    0.28   10.49 ^ clkbuf_2_2__f_a_clk_dig_in/Z (gf180mcu_fd_sc_mcu7t5v0__clkbuf_8)
                                         clknet_2_2__leaf_a_clk_dig_in (net)
                  0.21    0.00   10.49 ^ cnb.data_register_r[9]$_DFFE_PN1P_/CLK (gf180mcu_fd_sc_mcu7t5v0__dffsnq_4)
                          0.02   10.51   clock reconvergence pessimism
                         -0.18   10.33   library setup time
                                 10.33   data required time
-----------------------------------------------------------------------------
                                 10.33   data required time
                                 -8.91   data arrival time
-----------------------------------------------------------------------------
                                  1.41   slack (MET)



==========================================================================
global route report_checks -unconstrained
--------------------------------------------------------------------------
Startpoint: cnb.sampled_avg_control_r[0]$_DFFE_PN0P_
            (rising edge-triggered flip-flop clocked by adc_clk)
Endpoint: cnb.data_register_r[9]$_DFFE_PN1P_
          (rising edge-triggered flip-flop clocked by adc_clk)
Path Group: adc_clk
Path Type: max

Fanout     Cap    Slew   Delay    Time   Description
-----------------------------------------------------------------------------
                          0.00    0.00   clock adc_clk (rise edge)
                          0.00    0.00   clock source latency
     1    0.03    0.00    0.00    0.00 ^ a_clk_dig_in (in)
                                         a_clk_dig_in (net)
                  0.00    0.00    0.00 ^ clkbuf_0_a_clk_dig_in/I (gf180mcu_fd_sc_mcu7t5v0__clkbuf_8)
     4    0.07    0.16    0.23    0.23 ^ clkbuf_0_a_clk_dig_in/Z (gf180mcu_fd_sc_mcu7t5v0__clkbuf_8)
                                         clknet_0_a_clk_dig_in (net)
                  0.16    0.00    0.23 ^ clkbuf_2_0__f_a_clk_dig_in/I (gf180mcu_fd_sc_mcu7t5v0__clkbuf_8)
    16    0.09    0.20    0.30    0.53 ^ clkbuf_2_0__f_a_clk_dig_in/Z (gf180mcu_fd_sc_mcu7t5v0__clkbuf_8)
                                         clknet_2_0__leaf_a_clk_dig_in (net)
                  0.20    0.00    0.53 ^ cnb.sampled_avg_control_r[0]$_DFFE_PN0P_/CLK (gf180mcu_fd_sc_mcu7t5v0__dffrnq_2)
     6    0.06    0.44    1.02    1.56 ^ cnb.sampled_avg_control_r[0]$_DFFE_PN0P_/Q (gf180mcu_fd_sc_mcu7t5v0__dffrnq_2)
                                         cnb.sampled_avg_control_r[0] (net)
                  0.44    0.00    1.56 ^ _0628_/A2 (gf180mcu_fd_sc_mcu7t5v0__nor2_2)
     3    0.03    0.27    0.24    1.80 v _0628_/ZN (gf180mcu_fd_sc_mcu7t5v0__nor2_2)
                                         _0168_ (net)
                  0.27    0.00    1.80 v _0629_/A2 (gf180mcu_fd_sc_mcu7t5v0__xnor2_2)
     2    0.03    0.18    0.44    2.24 v _0629_/ZN (gf180mcu_fd_sc_mcu7t5v0__xnor2_2)
                                         _0020_ (net)
                  0.18    0.00    2.24 v _1345_/A (gf180mcu_fd_sc_mcu7t5v0__addh_2)
     1    0.01    0.14    0.50    2.74 ^ _1345_/S (gf180mcu_fd_sc_mcu7t5v0__addh_2)
                                         _0022_ (net)
                  0.14    0.00    2.74 ^ _0678_/A2 (gf180mcu_fd_sc_mcu7t5v0__aoi21_2)
     1    0.01    0.16    0.12    2.86 v _0678_/ZN (gf180mcu_fd_sc_mcu7t5v0__aoi21_2)
                                         _0214_ (net)
                  0.16    0.00    2.86 v _0680_/A2 (gf180mcu_fd_sc_mcu7t5v0__oai21_2)
     2    0.03    0.53    0.40    3.26 ^ _0680_/ZN (gf180mcu_fd_sc_mcu7t5v0__oai21_2)
                                         _0216_ (net)
                  0.53    0.00    3.26 ^ _0683_/A1 (gf180mcu_fd_sc_mcu7t5v0__aoi211_4)
     3    0.04    0.30    0.21    3.47 v _0683_/ZN (gf180mcu_fd_sc_mcu7t5v0__aoi211_4)
                                         _0219_ (net)
                  0.30    0.00    3.47 v _0691_/A1 (gf180mcu_fd_sc_mcu7t5v0__or3_4)
     1    0.02    0.14    0.42    3.89 v _0691_/Z (gf180mcu_fd_sc_mcu7t5v0__or3_4)
                                         _0227_ (net)
                  0.14    0.00    3.89 v _0693_/B1 (gf180mcu_fd_sc_mcu7t5v0__aoi22_4)
    18    0.16    1.38    0.92    4.80 ^ _0693_/ZN (gf180mcu_fd_sc_mcu7t5v0__aoi22_4)
                                         _0229_ (net)
                  1.38    0.00    4.80 ^ _0714_/B (gf180mcu_fd_sc_mcu7t5v0__aoi21_2)
     2    0.02    0.49    0.30    5.11 v _0714_/ZN (gf180mcu_fd_sc_mcu7t5v0__aoi21_2)
                                         _0058_ (net)
                  0.49    0.00    5.11 v _0842_/I1 (gf180mcu_fd_sc_mcu7t5v0__mux2_2)
     2    0.02    0.16    0.46    5.57 v _0842_/Z (gf180mcu_fd_sc_mcu7t5v0__mux2_2)
                                         _0051_ (net)
                  0.16    0.00    5.57 v _1357_/B (gf180mcu_fd_sc_mcu7t5v0__addh_2)
     3    0.03    0.21    0.43    6.00 v _1357_/S (gf180mcu_fd_sc_mcu7t5v0__addh_2)
                                         _0053_ (net)
                  0.21    0.00    6.00 v _0899_/A1 (gf180mcu_fd_sc_mcu7t5v0__and2_2)
     2    0.02    0.13    0.29    6.29 v _0899_/Z (gf180mcu_fd_sc_mcu7t5v0__and2_2)
                                         _0392_ (net)
                  0.13    0.00    6.29 v _0903_/C (gf180mcu_fd_sc_mcu7t5v0__aoi211_2)
     1    0.01    0.51    0.42    6.71 ^ _0903_/ZN (gf180mcu_fd_sc_mcu7t5v0__aoi211_2)
                                         _0396_ (net)
                  0.51    0.00    6.71 ^ _0904_/B (gf180mcu_fd_sc_mcu7t5v0__aoi21_2)
     2    0.02    0.29    0.24    6.95 v _0904_/ZN (gf180mcu_fd_sc_mcu7t5v0__aoi21_2)
                                         _0397_ (net)
                  0.29    0.00    6.95 v _0916_/A3 (gf180mcu_fd_sc_mcu7t5v0__and3_2)
     1    0.01    0.11    0.34    7.30 v _0916_/Z (gf180mcu_fd_sc_mcu7t5v0__and3_2)
                                         _0407_ (net)
                  0.11    0.00    7.30 v _0917_/C (gf180mcu_fd_sc_mcu7t5v0__aoi211_2)
     4    0.04    0.96    0.70    8.00 ^ _0917_/ZN (gf180mcu_fd_sc_mcu7t5v0__aoi211_2)
                                         _0408_ (net)
                  0.96    0.00    8.00 ^ _0920_/A4 (gf180mcu_fd_sc_mcu7t5v0__or4_2)
     1    0.01    0.11    0.42    8.41 ^ _0920_/Z (gf180mcu_fd_sc_mcu7t5v0__or4_2)
                                         _0411_ (net)
                  0.11    0.00    8.41 ^ _0930_/I1 (gf180mcu_fd_sc_mcu7t5v0__mux2_2)
     1    0.01    0.11    0.25    8.67 ^ _0930_/Z (gf180mcu_fd_sc_mcu7t5v0__mux2_2)
                                         _0421_ (net)
                  0.11    0.00    8.67 ^ _0936_/A1 (gf180mcu_fd_sc_mcu7t5v0__and3_2)
     1    0.00    0.09    0.25    8.91 ^ _0936_/Z (gf180mcu_fd_sc_mcu7t5v0__and3_2)
                                         _0094_ (net)
                  0.09    0.00    8.91 ^ cnb.data_register_r[9]$_DFFE_PN1P_/D (gf180mcu_fd_sc_mcu7t5v0__dffsnq_4)
                                  8.91   data arrival time

                         10.00   10.00   clock adc_clk (rise edge)
                          0.00   10.00   clock source latency
     1    0.03    0.00    0.00   10.00 ^ a_clk_dig_in (in)
                                         a_clk_dig_in (net)
                  0.00    0.00   10.00 ^ clkbuf_0_a_clk_dig_in/I (gf180mcu_fd_sc_mcu7t5v0__clkbuf_8)
     4    0.07    0.16    0.21   10.21 ^ clkbuf_0_a_clk_dig_in/Z (gf180mcu_fd_sc_mcu7t5v0__clkbuf_8)
                                         clknet_0_a_clk_dig_in (net)
                  0.16    0.00   10.21 ^ clkbuf_2_2__f_a_clk_dig_in/I (gf180mcu_fd_sc_mcu7t5v0__clkbuf_8)
    13    0.10    0.21    0.28   10.49 ^ clkbuf_2_2__f_a_clk_dig_in/Z (gf180mcu_fd_sc_mcu7t5v0__clkbuf_8)
                                         clknet_2_2__leaf_a_clk_dig_in (net)
                  0.21    0.00   10.49 ^ cnb.data_register_r[9]$_DFFE_PN1P_/CLK (gf180mcu_fd_sc_mcu7t5v0__dffsnq_4)
                          0.02   10.51   clock reconvergence pessimism
                         -0.18   10.33   library setup time
                                 10.33   data required time
-----------------------------------------------------------------------------
                                 10.33   data required time
                                 -8.91   data arrival time
-----------------------------------------------------------------------------
                                  1.41   slack (MET)



==========================================================================
global route report_check_types -max_slew -max_cap -max_fanout -violators
--------------------------------------------------------------------------

==========================================================================
global route max_slew_check_slack
--------------------------------------------------------------------------
3.0843498706817627

==========================================================================
global route max_slew_check_limit
--------------------------------------------------------------------------
5.199999809265137

==========================================================================
global route max_slew_check_slack_limit
--------------------------------------------------------------------------
0.5931

==========================================================================
global route max_fanout_check_slack
--------------------------------------------------------------------------
1.0000000150474662e+30

==========================================================================
global route max_fanout_check_limit
--------------------------------------------------------------------------
1.0000000150474662e+30

==========================================================================
global route max_capacitance_check_slack
--------------------------------------------------------------------------
0.18616445362567902

==========================================================================
global route max_capacitance_check_limit
--------------------------------------------------------------------------
0.1979999989271164

==========================================================================
global route max_capacitance_check_slack_limit
--------------------------------------------------------------------------
0.9402

==========================================================================
global route max_slew_violation_count
--------------------------------------------------------------------------
max slew violation count 0

==========================================================================
global route max_fanout_violation_count
--------------------------------------------------------------------------
max fanout violation count 0

==========================================================================
global route max_cap_violation_count
--------------------------------------------------------------------------
max cap violation count 0

==========================================================================
global route setup_violation_count
--------------------------------------------------------------------------
setup violation count 0

==========================================================================
global route hold_violation_count
--------------------------------------------------------------------------
hold violation count 0

==========================================================================
global route report_checks -path_delay max reg to reg
--------------------------------------------------------------------------
Startpoint: cnb.sampled_avg_control_r[0]$_DFFE_PN0P_
            (rising edge-triggered flip-flop clocked by adc_clk)
Endpoint: cnb.data_register_r[9]$_DFFE_PN1P_
          (rising edge-triggered flip-flop clocked by adc_clk)
Path Group: adc_clk
Path Type: max

  Delay    Time   Description
---------------------------------------------------------
   0.00    0.00   clock adc_clk (rise edge)
   0.00    0.00   clock source latency
   0.00    0.00 ^ a_clk_dig_in (in)
   0.23    0.23 ^ clkbuf_0_a_clk_dig_in/Z (gf180mcu_fd_sc_mcu7t5v0__clkbuf_8)
   0.30    0.53 ^ clkbuf_2_0__f_a_clk_dig_in/Z (gf180mcu_fd_sc_mcu7t5v0__clkbuf_8)
   0.00    0.53 ^ cnb.sampled_avg_control_r[0]$_DFFE_PN0P_/CLK (gf180mcu_fd_sc_mcu7t5v0__dffrnq_2)
   1.02    1.56 ^ cnb.sampled_avg_control_r[0]$_DFFE_PN0P_/Q (gf180mcu_fd_sc_mcu7t5v0__dffrnq_2)
   0.24    1.80 v _0628_/ZN (gf180mcu_fd_sc_mcu7t5v0__nor2_2)
   0.44    2.24 v _0629_/ZN (gf180mcu_fd_sc_mcu7t5v0__xnor2_2)
   0.51    2.74 ^ _1345_/S (gf180mcu_fd_sc_mcu7t5v0__addh_2)
   0.12    2.86 v _0678_/ZN (gf180mcu_fd_sc_mcu7t5v0__aoi21_2)
   0.40    3.26 ^ _0680_/ZN (gf180mcu_fd_sc_mcu7t5v0__oai21_2)
   0.21    3.47 v _0683_/ZN (gf180mcu_fd_sc_mcu7t5v0__aoi211_4)
   0.42    3.89 v _0691_/Z (gf180mcu_fd_sc_mcu7t5v0__or3_4)
   0.92    4.80 ^ _0693_/ZN (gf180mcu_fd_sc_mcu7t5v0__aoi22_4)
   0.31    5.11 v _0714_/ZN (gf180mcu_fd_sc_mcu7t5v0__aoi21_2)
   0.46    5.57 v _0842_/Z (gf180mcu_fd_sc_mcu7t5v0__mux2_2)
   0.43    6.00 v _1357_/S (gf180mcu_fd_sc_mcu7t5v0__addh_2)
   0.29    6.29 v _0899_/Z (gf180mcu_fd_sc_mcu7t5v0__and2_2)
   0.42    6.71 ^ _0903_/ZN (gf180mcu_fd_sc_mcu7t5v0__aoi211_2)
   0.24    6.95 v _0904_/ZN (gf180mcu_fd_sc_mcu7t5v0__aoi21_2)
   0.34    7.30 v _0916_/Z (gf180mcu_fd_sc_mcu7t5v0__and3_2)
   0.70    8.00 ^ _0917_/ZN (gf180mcu_fd_sc_mcu7t5v0__aoi211_2)
   0.42    8.41 ^ _0920_/Z (gf180mcu_fd_sc_mcu7t5v0__or4_2)
   0.25    8.67 ^ _0930_/Z (gf180mcu_fd_sc_mcu7t5v0__mux2_2)
   0.25    8.91 ^ _0936_/Z (gf180mcu_fd_sc_mcu7t5v0__and3_2)
   0.00    8.91 ^ cnb.data_register_r[9]$_DFFE_PN1P_/D (gf180mcu_fd_sc_mcu7t5v0__dffsnq_4)
           8.91   data arrival time

  10.00   10.00   clock adc_clk (rise edge)
   0.00   10.00   clock source latency
   0.00   10.00 ^ a_clk_dig_in (in)
   0.21   10.21 ^ clkbuf_0_a_clk_dig_in/Z (gf180mcu_fd_sc_mcu7t5v0__clkbuf_8)
   0.28   10.49 ^ clkbuf_2_2__f_a_clk_dig_in/Z (gf180mcu_fd_sc_mcu7t5v0__clkbuf_8)
   0.00   10.49 ^ cnb.data_register_r[9]$_DFFE_PN1P_/CLK (gf180mcu_fd_sc_mcu7t5v0__dffsnq_4)
   0.02   10.51   clock reconvergence pessimism
  -0.18   10.33   library setup time
          10.33   data required time
---------------------------------------------------------
          10.33   data required time
          -8.91   data arrival time
---------------------------------------------------------
           1.41   slack (MET)



==========================================================================
global route report_checks -path_delay min reg to reg
--------------------------------------------------------------------------
Startpoint: cnb.average_counter_r[0]$_DFF_PN1_
            (rising edge-triggered flip-flop clocked by adc_clk)
Endpoint: cnb.average_counter_r[0]$_DFF_PN1_
          (rising edge-triggered flip-flop clocked by adc_clk)
Path Group: adc_clk
Path Type: min

  Delay    Time   Description
---------------------------------------------------------
   0.00    0.00   clock adc_clk (rise edge)
   0.00    0.00   clock source latency
   0.00    0.00 ^ a_clk_dig_in (in)
   0.21    0.21 ^ clkbuf_0_a_clk_dig_in/Z (gf180mcu_fd_sc_mcu7t5v0__clkbuf_8)
   0.27    0.48 ^ clkbuf_2_0__f_a_clk_dig_in/Z (gf180mcu_fd_sc_mcu7t5v0__clkbuf_8)
   0.00    0.48 ^ cnb.average_counter_r[0]$_DFF_PN1_/CLK (gf180mcu_fd_sc_mcu7t5v0__dffsnq_4)
   0.69    1.17 ^ cnb.average_counter_r[0]$_DFF_PN1_/Q (gf180mcu_fd_sc_mcu7t5v0__dffsnq_4)
   0.09    1.26 v _1291_/ZN (gf180mcu_fd_sc_mcu7t5v0__nand2_2)
   0.00    1.26 v cnb.average_counter_r[0]$_DFF_PN1_/D (gf180mcu_fd_sc_mcu7t5v0__dffsnq_4)
           1.26   data arrival time

   0.00    0.00   clock adc_clk (rise edge)
   0.00    0.00   clock source latency
   0.00    0.00 ^ a_clk_dig_in (in)
   0.23    0.23 ^ clkbuf_0_a_clk_dig_in/Z (gf180mcu_fd_sc_mcu7t5v0__clkbuf_8)
   0.30    0.53 ^ clkbuf_2_0__f_a_clk_dig_in/Z (gf180mcu_fd_sc_mcu7t5v0__clkbuf_8)
   0.00    0.54 ^ cnb.average_counter_r[0]$_DFF_PN1_/CLK (gf180mcu_fd_sc_mcu7t5v0__dffsnq_4)
  -0.05    0.48   clock reconvergence pessimism
   0.04    0.52   library hold time
           0.52   data required time
---------------------------------------------------------
           0.52   data required time
          -1.26   data arrival time
---------------------------------------------------------
           0.74   slack (MET)



==========================================================================
global route critical path target clock latency max path
--------------------------------------------------------------------------
0.4841

==========================================================================
global route critical path target clock latency min path
--------------------------------------------------------------------------
0.5350

==========================================================================
global route critical path source clock latency min path
--------------------------------------------------------------------------
0.0000

==========================================================================
global route critical path delay
--------------------------------------------------------------------------
8.9127

==========================================================================
global route critical path slack
--------------------------------------------------------------------------
1.4127

==========================================================================
global route slack div critical path delay
--------------------------------------------------------------------------
15.850416

==========================================================================
global route report_power
--------------------------------------------------------------------------
Group                  Internal  Switching    Leakage      Total
                          Power      Power      Power      Power (Watts)
----------------------------------------------------------------
Sequential             2.05e-03   5.23e-04   2.06e-08   2.58e-03  32.0%
Combinational          2.44e-03   1.87e-03   7.79e-08   4.31e-03  53.6%
Clock                  5.79e-04   5.77e-04   5.70e-09   1.16e-03  14.4%
Macro                  0.00e+00   0.00e+00   0.00e+00   0.00e+00   0.0%
Pad                    0.00e+00   0.00e+00   0.00e+00   0.00e+00   0.0%
----------------------------------------------------------------
Total                  5.08e-03   2.97e-03   1.04e-07   8.04e-03 100.0%
                          63.1%      36.9%       0.0%
